// Jest Snapshot v1, https://goo.gl/fbAQLP

exports[`Bitterness Filter renders BitternessFilter Component 1`] = `
Object {
  "asFragment": [Function],
  "baseElement": <body>
    <div>
      <div
        class="filter-wrapper "
      >
        <select
          class="filter-menu"
          name="filter"
        >
          <option
            value=""
          >
            All Beers
          </option>
          <option
            value="All Beers"
          >
            All Beers
          </option>
          <option
            value="Very low"
          >
            Very low
          </option>
          <option
            value="Low"
          >
            Low
          </option>
          <option
            value="Medium"
          >
            Medium
          </option>
          <option
            value="High"
          >
            High
          </option>
          <option
            value="Very high"
          >
            Very high
          </option>
          <option
            value="Ultra high"
          >
            Ultra high
          </option>
        </select>
      </div>
      ,
    </div>
  </body>,
  "container": <div>
    <div
      class="filter-wrapper "
    >
      <select
        class="filter-menu"
        name="filter"
      >
        <option
          value=""
        >
          All Beers
        </option>
        <option
          value="All Beers"
        >
          All Beers
        </option>
        <option
          value="Very low"
        >
          Very low
        </option>
        <option
          value="Low"
        >
          Low
        </option>
        <option
          value="Medium"
        >
          Medium
        </option>
        <option
          value="High"
        >
          High
        </option>
        <option
          value="Very high"
        >
          Very high
        </option>
        <option
          value="Ultra high"
        >
          Ultra high
        </option>
      </select>
    </div>
    ,
  </div>,
  "debug": [Function],
  "findAllByAltText": [Function],
  "findAllByDisplayValue": [Function],
  "findAllByLabelText": [Function],
  "findAllByPlaceholderText": [Function],
  "findAllByRole": [Function],
  "findAllByTestId": [Function],
  "findAllByText": [Function],
  "findAllByTitle": [Function],
  "findByAltText": [Function],
  "findByDisplayValue": [Function],
  "findByLabelText": [Function],
  "findByPlaceholderText": [Function],
  "findByRole": [Function],
  "findByTestId": [Function],
  "findByText": [Function],
  "findByTitle": [Function],
  "getAllByAltText": [Function],
  "getAllByDisplayValue": [Function],
  "getAllByLabelText": [Function],
  "getAllByPlaceholderText": [Function],
  "getAllByRole": [Function],
  "getAllByTestId": [Function],
  "getAllByText": [Function],
  "getAllByTitle": [Function],
  "getByAltText": [Function],
  "getByDisplayValue": [Function],
  "getByLabelText": [Function],
  "getByPlaceholderText": [Function],
  "getByRole": [Function],
  "getByTestId": [Function],
  "getByText": [Function],
  "getByTitle": [Function],
  "queryAllByAltText": [Function],
  "queryAllByDisplayValue": [Function],
  "queryAllByLabelText": [Function],
  "queryAllByPlaceholderText": [Function],
  "queryAllByRole": [Function],
  "queryAllByTestId": [Function],
  "queryAllByText": [Function],
  "queryAllByTitle": [Function],
  "queryByAltText": [Function],
  "queryByDisplayValue": [Function],
  "queryByLabelText": [Function],
  "queryByPlaceholderText": [Function],
  "queryByRole": [Function],
  "queryByTestId": [Function],
  "queryByText": [Function],
  "queryByTitle": [Function],
  "rerender": [Function],
  "unmount": [Function],
}
`;
